Sections:
00: "org0001:200" (200-296)
01: "org0002:400" (400-47E)


Source: "bobs_code.asm"
                        	     1:         .equ    PortADR, 0x1700
                        	     2:         .equ    PortADDR, 0x1701
                        	     3:         .equ    PortBDR, 0x1702
                        	     4:         .equ    PortBDDR, 0x1703
                        	     5:         .equ    PortA2DR, 0x1740
                        	     6:         .equ    PortA2DDR, 0x1741
                        	     7:         .equ    BobsPort, 0x1700
                        	     8:         .equ    GETKEY, 0x1f6a
                        	     9:         .equ    Temp, 0x00
                        	    10:         .equ    TableAddrL, 0x01
                        	    11:         .equ    TableAddrH, 0x02
                        	    12:         .equ    LEDCounter, 0x03
                        	    13:         .equ    Temp2, 0x04
                        	    14: 
                        	    15:         .equ    NumberOfLEDs, 64
                        	    16: 
                        	    17:         .org    0x0200
                        	    18: Begin:
00:0200 A900            	    19:         lda     #0x00
00:0202 8D0017          	    20:         sta     BobsPort
00:0205 A000            	    21:         ldy     #0x00
                        	    22: 
00:0207 207702          	    23: Loop:   jsr     InitTableAddr
                        	    24: 
00:020A A900            	    25:         lda     #0x00        ; Send 4 leading 0x00's
00:020C 205702          	    26:         jsr     SPIByte
00:020F A900            	    27:         lda     #0x00
00:0211 205702          	    28:         jsr     SPIByte
00:0214 A900            	    29:         lda     #0x00
00:0216 205702          	    30:         jsr     SPIByte
00:0219 A900            	    31:         lda     #0x00
00:021B 205702          	    32:         jsr     SPIByte
                        	    33: 
00:021E A940            	    34:         lda     #NumberOfLEDs
00:0220 8503            	    35:         sta     LEDCounter
                        	    36: 
                        	    37: NextLED:
00:0222 A9F0            	    38:         lda     #0xf0        ; 50% brightness
00:0224 205702          	    39:         jsr     SPIByte
                        	    40: 
00:0227 208002          	    41:         jsr     GetNextTableValue    ; Send 1 LED color
00:022A 205702          	    42:         jsr     SPIByte
00:022D 208002          	    43:         jsr     GetNextTableValue
00:0230 205702          	    44:         jsr     SPIByte
00:0233 208002          	    45:         jsr     GetNextTableValue
00:0236 205702          	    46:         jsr     SPIByte
                        	    47: 
00:0239 C603            	    48:         dec     LEDCounter
00:023B D0E5            	    49:         bne     NextLED
                        	    50: 
00:023D 4C0702          	    51:         jmp     Loop        ; Comment out this JMP if you want to skip the 4 ending 0xFFs
                        	    52: 
00:0240 A9FF            	    53:         lda     #0xff
00:0242 205702          	    54:         jsr     SPIByte
00:0245 A9FF            	    55:         lda     #0xff
00:0247 205702          	    56:         jsr     SPIByte
00:024A A9FF            	    57:         lda     #0xff
00:024C 205702          	    58:         jsr     SPIByte
00:024F A9FF            	    59:         lda     #0xff
00:0251 205702          	    60:         jsr     SPIByte
                        	    61: 
00:0254 4C0702          	    62:         jmp     Loop
                        	    63: 
                        	    64: SPIByte:                    ; Send 1 byte of data in A on clock rising edge
00:0257 8500            	    65:         sta     Temp
00:0259 A208            	    66:         ldx     #0x08    
                        	    67: NextBit:
00:025B A500            	    68:         lda     Temp
00:025D 2901            	    69:         and     #0x01
00:025F 8D0017          	    70:         sta     BobsPort
00:0262 0902            	    71:         ora     #0x02
00:0264 8D0017          	    72:         sta     BobsPort
00:0267 2901            	    73:         and     #0x01
00:0269 8D0017          	    74:         sta     BobsPort
00:026C 6600            	    75:         ror     Temp
00:026E CA              	    76:         dex
00:026F D0EA            	    77:         bne     NextBit
00:0271 A900            	    78:         lda     #0x00
00:0273 8D0017          	    79:         sta     BobsPort
00:0276 60              	    80:         rts
                        	    81: 
                        	    82: InitTableAddr:
00:0277 A900            	    83:         lda     #0x00
00:0279 8501            	    84:         sta     TableAddrL
00:027B A904            	    85:         lda     #0x04
00:027D 8502            	    86:         sta     TableAddrH
00:027F 60              	    87:         rts
                        	    88: 
                        	    89: GetNextTableValue:            ; Load A with the next table value and inc the pointer
00:0280 B101            	    90:         lda     (TableAddrL),y
00:0282 208602          	    91:         jsr     IncTablePtr
00:0285 60              	    92:         rts
                        	    93: 
                        	    94: IncTablePtr:                  ; Increment the table pointer in absolute indexed mode
00:0286 48              	    95:         pha
00:0287 E601            	    96:         inc     TableAddrL
00:0289 18              	    97:         clc
00:028A A501            	    98:         lda     TableAddrL
00:028C 8501            	    99:         sta     TableAddrL
00:028E A502            	   100:         lda     TableAddrH
00:0290 6900            	   101:         adc     #0x00
00:0292 8502            	   102:         sta     TableAddrH
00:0294 68              	   103:         pla
00:0295 60              	   104:         rts
                        	   105: 
                        	   106:         .org    0x0400
                        	   107: 
                        	   108: Image1:
01:0400 F0              	   109:         .byte   0xf0,0x00,0x00
01:0401 00
01:0402 00
01:0403 00              	   110:         .byte   0x00,0xf0,0x00
01:0404 F0
01:0405 00
01:0406 00              	   111:         .byte   0x00,0x00,0xf0
01:0407 00
01:0408 F0
01:0409 F0              	   112:         .byte   0xf0,0x00,0x00
01:040A 00
01:040B 00
01:040C 00              	   113:         .byte   0x00,0xf0,0x00
01:040D F0
01:040E 00
01:040F 00              	   114:         .byte   0x00,0x00,0xf0
01:0410 00
01:0411 F0
01:0412 F0              	   115:         .byte   0xf0,0x00,0x00
01:0413 00
01:0414 00
01:0415 00              	   116:         .byte   0x00,0xf0,0x00
01:0416 F0
01:0417 00
01:0418 00              	   117:         .byte   0x00,0x00,0xf0
01:0419 00
01:041A F0
01:041B F0              	   118:         .byte   0xf0,0x00,0x00
01:041C 00
01:041D 00
01:041E 00              	   119:         .byte   0x00,0xf0,0x00
01:041F F0
01:0420 00
01:0421 00              	   120:         .byte   0x00,0x00,0xf0
01:0422 00
01:0423 F0
01:0424 F0              	   121:         .byte   0xf0,0x00,0x00
01:0425 00
01:0426 00
01:0427 00              	   122:         .byte   0x00,0xf0,0x00
01:0428 F0
01:0429 00
01:042A 00              	   123:         .byte   0x00,0x00,0xf0
01:042B 00
01:042C F0
01:042D F0              	   124:         .byte   0xf0,0x00,0x00
01:042E 00
01:042F 00
01:0430 00              	   125:         .byte   0x00,0xf0,0x00
01:0431 F0
01:0432 00
01:0433 00              	   126:         .byte   0x00,0x00,0xf0
01:0434 00
01:0435 F0
01:0436 F0              	   127:         .byte   0xf0,0x00,0x00
01:0437 00
01:0438 00
01:0439 00              	   128:         .byte   0x00,0xf0,0x00
01:043A F0
01:043B 00
01:043C 00              	   129:         .byte   0x00,0x00,0xf0
01:043D 00
01:043E F0
01:043F F0              	   130:         .byte   0xf0,0x00,0x00
01:0440 00
01:0441 00
01:0442 00              	   131:         .byte   0x00,0xf0,0x00
01:0443 F0
01:0444 00
01:0445 00              	   132:         .byte   0x00,0x00,0xf0
01:0446 00
01:0447 F0
01:0448 F0              	   133:         .byte   0xf0,0x00,0x00
01:0449 00
01:044A 00
01:044B 00              	   134:         .byte   0x00,0xf0,0x00
01:044C F0
01:044D 00
01:044E 00              	   135:         .byte   0x00,0x00,0xf0
01:044F 00
01:0450 F0
01:0451 F0              	   136:         .byte   0xf0,0x00,0x00
01:0452 00
01:0453 00
01:0454 00              	   137:         .byte   0x00,0xf0,0x00
01:0455 F0
01:0456 00
01:0457 00              	   138:         .byte   0x00,0x00,0xf0
01:0458 00
01:0459 F0
01:045A F0              	   139:         .byte   0xf0,0x00,0x00
01:045B 00
01:045C 00
01:045D 00              	   140:         .byte   0x00,0xf0,0x00
01:045E F0
01:045F 00
01:0460 00              	   141:         .byte   0x00,0x00,0xf0
01:0461 00
01:0462 F0
01:0463 F0              	   142:         .byte   0xf0,0x00,0x00
01:0464 00
01:0465 00
01:0466 00              	   143:         .byte   0x00,0xf0,0x00
01:0467 F0
01:0468 00
01:0469 00              	   144:         .byte   0x00,0x00,0xf0
01:046A 00
01:046B F0
01:046C F0              	   145:         .byte   0xf0,0x00,0x00
01:046D 00
01:046E 00
01:046F 00              	   146:         .byte   0x00,0xf0,0x00
01:0470 F0
01:0471 00
01:0472 00              	   147:         .byte   0x00,0x00,0xf0
01:0473 00
01:0474 F0
01:0475 F0              	   148:         .byte   0xf0,0x00,0x00
01:0476 00
01:0477 00
01:0478 00              	   149:         .byte   0x00,0xf0,0x00
01:0479 F0
01:047A 00
01:047B 00              	   150:         .byte   0x00,0x00,0xf0
01:047C 00
01:047D F0


Symbols by name:
Begin                            A:0200
BobsPort                         S:1700
GetNextTableValue                A:0280
Image1                           A:0400
IncTablePtr                      A:0286
InitTableAddr                    A:0277
LEDCounter                       S:0003
Loop                             A:0207
NextBit                          A:025B
NextLED                          A:0222
NumberOfLEDs                     S:0040
SPIByte                          A:0257
TableAddrH                       S:0002
TableAddrL                       S:0001
Temp                             S:0000

Symbols by value:
0000 Temp
0001 TableAddrL
0002 TableAddrH
0003 LEDCounter
0040 NumberOfLEDs
0200 Begin
0207 Loop
0222 NextLED
0257 SPIByte
025B NextBit
0277 InitTableAddr
0280 GetNextTableValue
0286 IncTablePtr
0400 Image1
1700 BobsPort
